TimeQuest Timing Analyzer report for MT1
Tue May 13 15:05:07 2014
Quartus II 32-bit Version 13.0.1 Build 232 06/12/2013 Service Pack 1 SJ Web Edition


---------------------
; Table of Contents ;
---------------------
  1. Legal Notice
  2. TimeQuest Timing Analyzer Summary
  3. Parallel Compilation
  4. SDC File List
  5. Clocks
  6. Slow Model Fmax Summary
  7. Slow Model Setup Summary
  8. Slow Model Hold Summary
  9. Slow Model Recovery Summary
 10. Slow Model Removal Summary
 11. Slow Model Minimum Pulse Width Summary
 12. Slow Model Setup: 'Clock'
 13. Slow Model Hold: 'Clock'
 14. Slow Model Minimum Pulse Width: 'Clock'
 15. Setup Times
 16. Hold Times
 17. Clock to Output Times
 18. Minimum Clock to Output Times
 19. Propagation Delay
 20. Minimum Propagation Delay
 21. Fast Model Setup Summary
 22. Fast Model Hold Summary
 23. Fast Model Recovery Summary
 24. Fast Model Removal Summary
 25. Fast Model Minimum Pulse Width Summary
 26. Fast Model Setup: 'Clock'
 27. Fast Model Hold: 'Clock'
 28. Fast Model Minimum Pulse Width: 'Clock'
 29. Setup Times
 30. Hold Times
 31. Clock to Output Times
 32. Minimum Clock to Output Times
 33. Propagation Delay
 34. Minimum Propagation Delay
 35. Multicorner Timing Analysis Summary
 36. Setup Times
 37. Hold Times
 38. Clock to Output Times
 39. Minimum Clock to Output Times
 40. Progagation Delay
 41. Minimum Progagation Delay
 42. Setup Transfers
 43. Hold Transfers
 44. Report TCCS
 45. Report RSKM
 46. Unconstrained Paths
 47. TimeQuest Timing Analyzer Messages



----------------
; Legal Notice ;
----------------
Copyright (C) 1991-2013 Altera Corporation
Your use of Altera Corporation's design tools, logic functions 
and other software and tools, and its AMPP partner logic 
functions, and any output files from any of the foregoing 
(including device programming or simulation files), and any 
associated documentation or information are expressly subject 
to the terms and conditions of the Altera Program License 
Subscription Agreement, Altera MegaCore Function License 
Agreement, or other applicable license agreement, including, 
without limitation, that your use is for the sole purpose of 
programming logic devices manufactured by Altera and sold by 
Altera or its authorized distributors.  Please refer to the 
applicable agreement for further details.



+----------------------------------------------------------------------------------------+
; TimeQuest Timing Analyzer Summary                                                      ;
+--------------------+-------------------------------------------------------------------+
; Quartus II Version ; Version 13.0.1 Build 232 06/12/2013 Service Pack 1 SJ Web Edition ;
; Revision Name      ; MT1                                                               ;
; Device Family      ; Cyclone II                                                        ;
; Device Name        ; EP2C35F672C6                                                      ;
; Timing Models      ; Final                                                             ;
; Delay Model        ; Combined                                                          ;
; Rise/Fall Delays   ; Unavailable                                                       ;
+--------------------+-------------------------------------------------------------------+


Parallel compilation was disabled, but you have multiple processors available. Enable parallel compilation to reduce compilation time.
+-------------------------------------+
; Parallel Compilation                ;
+----------------------------+--------+
; Processors                 ; Number ;
+----------------------------+--------+
; Number detected on machine ; 4      ;
; Maximum allowed            ; 1      ;
+----------------------------+--------+


+---------------------------------------------------+
; SDC File List                                     ;
+---------------+--------+--------------------------+
; SDC File Path ; Status ; Read at                  ;
+---------------+--------+--------------------------+
; MT1.sdc       ; OK     ; Tue May 13 15:05:07 2014 ;
+---------------+--------+--------------------------+


+-----------------------------------------------------------------------------------------------------------------------------------------------------------------------------------+
; Clocks                                                                                                                                                                            ;
+------------+------+--------+-----------+-------+-------+------------+-----------+-------------+-------+--------+-----------+------------+----------+--------+--------+------------+
; Clock Name ; Type ; Period ; Frequency ; Rise  ; Fall  ; Duty Cycle ; Divide by ; Multiply by ; Phase ; Offset ; Edge List ; Edge Shift ; Inverted ; Master ; Source ; Targets    ;
+------------+------+--------+-----------+-------+-------+------------+-----------+-------------+-------+--------+-----------+------------+----------+--------+--------+------------+
; Clock      ; Base ; 10.000 ; 100.0 MHz ; 0.000 ; 5.000 ;            ;           ;             ;       ;        ;           ;            ;          ;        ;        ; { KEY[0] } ;
+------------+------+--------+-----------+-------+-------+------------+-----------+-------------+-------+--------+-----------+------------+----------+--------+--------+------------+


+-----------------------------------------------------------------------------------------------------------+
; Slow Model Fmax Summary                                                                                   ;
+------------+-----------------+------------+---------------------------------------------------------------+
; Fmax       ; Restricted Fmax ; Clock Name ; Note                                                          ;
+------------+-----------------+------------+---------------------------------------------------------------+
; 524.66 MHz ; 450.05 MHz      ; Clock      ; limit due to minimum period restriction (max I/O toggle rate) ;
+------------+-----------------+------------+---------------------------------------------------------------+
This panel reports FMAX for every clock in the design, regardless of the user-specified clock periods.  FMAX is only computed for paths where the source and destination registers or ports are driven by the same clock.  Paths of different clocks, including generated clocks, are ignored.  For paths between a clock and its inversion, FMAX is computed as if the rising and falling edges are scaled along with FMAX, such that the duty cycle (in terms of a percentage) is maintained. Altera recommends that you always use clock constraints and other slack reports for sign-off analysis.


+-------------------------------+
; Slow Model Setup Summary      ;
+-------+-------+---------------+
; Clock ; Slack ; End Point TNS ;
+-------+-------+---------------+
; Clock ; 8.094 ; 0.000         ;
+-------+-------+---------------+


+-------------------------------+
; Slow Model Hold Summary       ;
+-------+-------+---------------+
; Clock ; Slack ; End Point TNS ;
+-------+-------+---------------+
; Clock ; 0.391 ; 0.000         ;
+-------+-------+---------------+


-------------------------------
; Slow Model Recovery Summary ;
-------------------------------
No paths to report.


------------------------------
; Slow Model Removal Summary ;
------------------------------
No paths to report.


+----------------------------------------+
; Slow Model Minimum Pulse Width Summary ;
+-------+-------+------------------------+
; Clock ; Slack ; End Point TNS          ;
+-------+-------+------------------------+
; Clock ; 4.000 ; 0.000                  ;
+-------+-------+------------------------+


+-----------------------------------------------------------------------------------------------------------------------+
; Slow Model Setup: 'Clock'                                                                                             ;
+-------+--------------------+--------------------+--------------+-------------+--------------+------------+------------+
; Slack ; From Node          ; To Node            ; Launch Clock ; Latch Clock ; Relationship ; Clock Skew ; Data Delay ;
+-------+--------------------+--------------------+--------------+-------------+--------------+------------+------------+
; 8.094 ; MT1FSM:FSM|State~5 ; MT1FSM:FSM|State~4 ; Clock        ; Clock       ; 10.000       ; 0.000      ; 1.942      ;
; 8.099 ; MT1FSM:FSM|State~4 ; MT1FSM:FSM|State~4 ; Clock        ; Clock       ; 10.000       ; 0.000      ; 1.937      ;
; 8.273 ; MT1FSM:FSM|State~3 ; MT1FSM:FSM|State~4 ; Clock        ; Clock       ; 10.000       ; 0.000      ; 1.763      ;
; 8.359 ; MT1FSM:FSM|State~5 ; MT1FSM:FSM|State~5 ; Clock        ; Clock       ; 10.000       ; 0.000      ; 1.677      ;
; 8.364 ; MT1FSM:FSM|State~2 ; MT1FSM:FSM|State~4 ; Clock        ; Clock       ; 10.000       ; 0.000      ; 1.672      ;
; 8.366 ; MT1FSM:FSM|State~4 ; MT1FSM:FSM|State~5 ; Clock        ; Clock       ; 10.000       ; 0.000      ; 1.670      ;
; 8.506 ; MT1FSM:FSM|State~4 ; MT1FSM:FSM|State~2 ; Clock        ; Clock       ; 10.000       ; 0.000      ; 1.530      ;
; 8.540 ; MT1FSM:FSM|State~3 ; MT1FSM:FSM|State~5 ; Clock        ; Clock       ; 10.000       ; 0.000      ; 1.496      ;
; 8.629 ; MT1FSM:FSM|State~2 ; MT1FSM:FSM|State~5 ; Clock        ; Clock       ; 10.000       ; 0.000      ; 1.407      ;
; 8.733 ; MT1FSM:FSM|State~5 ; MT1FSM:FSM|State~2 ; Clock        ; Clock       ; 10.000       ; 0.000      ; 1.303      ;
; 8.897 ; MT1FSM:FSM|State~3 ; MT1FSM:FSM|State~2 ; Clock        ; Clock       ; 10.000       ; 0.000      ; 1.139      ;
; 9.122 ; MT1FSM:FSM|State~2 ; MT1FSM:FSM|State~3 ; Clock        ; Clock       ; 10.000       ; 0.000      ; 0.914      ;
; 9.379 ; MT1FSM:FSM|State~2 ; MT1FSM:FSM|State~2 ; Clock        ; Clock       ; 10.000       ; 0.000      ; 0.657      ;
; 9.379 ; MT1FSM:FSM|State~3 ; MT1FSM:FSM|State~3 ; Clock        ; Clock       ; 10.000       ; 0.000      ; 0.657      ;
+-------+--------------------+--------------------+--------------+-------------+--------------+------------+------------+


+-----------------------------------------------------------------------------------------------------------------------+
; Slow Model Hold: 'Clock'                                                                                              ;
+-------+--------------------+--------------------+--------------+-------------+--------------+------------+------------+
; Slack ; From Node          ; To Node            ; Launch Clock ; Latch Clock ; Relationship ; Clock Skew ; Data Delay ;
+-------+--------------------+--------------------+--------------+-------------+--------------+------------+------------+
; 0.391 ; MT1FSM:FSM|State~2 ; MT1FSM:FSM|State~2 ; Clock        ; Clock       ; 0.000        ; 0.000      ; 0.657      ;
; 0.391 ; MT1FSM:FSM|State~3 ; MT1FSM:FSM|State~3 ; Clock        ; Clock       ; 0.000        ; 0.000      ; 0.657      ;
; 0.648 ; MT1FSM:FSM|State~2 ; MT1FSM:FSM|State~3 ; Clock        ; Clock       ; 0.000        ; 0.000      ; 0.914      ;
; 0.873 ; MT1FSM:FSM|State~3 ; MT1FSM:FSM|State~2 ; Clock        ; Clock       ; 0.000        ; 0.000      ; 1.139      ;
; 1.037 ; MT1FSM:FSM|State~5 ; MT1FSM:FSM|State~2 ; Clock        ; Clock       ; 0.000        ; 0.000      ; 1.303      ;
; 1.053 ; MT1FSM:FSM|State~2 ; MT1FSM:FSM|State~5 ; Clock        ; Clock       ; 0.000        ; 0.000      ; 1.319      ;
; 1.132 ; MT1FSM:FSM|State~3 ; MT1FSM:FSM|State~5 ; Clock        ; Clock       ; 0.000        ; 0.000      ; 1.398      ;
; 1.264 ; MT1FSM:FSM|State~4 ; MT1FSM:FSM|State~2 ; Clock        ; Clock       ; 0.000        ; 0.000      ; 1.530      ;
; 1.266 ; MT1FSM:FSM|State~4 ; MT1FSM:FSM|State~5 ; Clock        ; Clock       ; 0.000        ; 0.000      ; 1.532      ;
; 1.282 ; MT1FSM:FSM|State~5 ; MT1FSM:FSM|State~5 ; Clock        ; Clock       ; 0.000        ; 0.000      ; 1.548      ;
; 1.379 ; MT1FSM:FSM|State~2 ; MT1FSM:FSM|State~4 ; Clock        ; Clock       ; 0.000        ; 0.000      ; 1.645      ;
; 1.458 ; MT1FSM:FSM|State~3 ; MT1FSM:FSM|State~4 ; Clock        ; Clock       ; 0.000        ; 0.000      ; 1.724      ;
; 1.592 ; MT1FSM:FSM|State~4 ; MT1FSM:FSM|State~4 ; Clock        ; Clock       ; 0.000        ; 0.000      ; 1.858      ;
; 1.608 ; MT1FSM:FSM|State~5 ; MT1FSM:FSM|State~4 ; Clock        ; Clock       ; 0.000        ; 0.000      ; 1.874      ;
+-------+--------------------+--------------------+--------------+-------------+--------------+------------+------------+


+----------------------------------------------------------------------------------------------------+
; Slow Model Minimum Pulse Width: 'Clock'                                                            ;
+-------+--------------+----------------+------------------+-------+------------+--------------------+
; Slack ; Actual Width ; Required Width ; Type             ; Clock ; Clock Edge ; Target             ;
+-------+--------------+----------------+------------------+-------+------------+--------------------+
; 4.000 ; 5.000        ; 1.000          ; High Pulse Width ; Clock ; Fall       ; MT1FSM:FSM|State~2 ;
; 4.000 ; 5.000        ; 1.000          ; Low Pulse Width  ; Clock ; Fall       ; MT1FSM:FSM|State~2 ;
; 4.000 ; 5.000        ; 1.000          ; High Pulse Width ; Clock ; Fall       ; MT1FSM:FSM|State~3 ;
; 4.000 ; 5.000        ; 1.000          ; Low Pulse Width  ; Clock ; Fall       ; MT1FSM:FSM|State~3 ;
; 4.000 ; 5.000        ; 1.000          ; High Pulse Width ; Clock ; Fall       ; MT1FSM:FSM|State~4 ;
; 4.000 ; 5.000        ; 1.000          ; Low Pulse Width  ; Clock ; Fall       ; MT1FSM:FSM|State~4 ;
; 4.000 ; 5.000        ; 1.000          ; High Pulse Width ; Clock ; Fall       ; MT1FSM:FSM|State~5 ;
; 4.000 ; 5.000        ; 1.000          ; Low Pulse Width  ; Clock ; Fall       ; MT1FSM:FSM|State~5 ;
; 5.000 ; 5.000        ; 0.000          ; High Pulse Width ; Clock ; Rise       ; FSM|State~2|clk    ;
; 5.000 ; 5.000        ; 0.000          ; Low Pulse Width  ; Clock ; Rise       ; FSM|State~2|clk    ;
; 5.000 ; 5.000        ; 0.000          ; High Pulse Width ; Clock ; Rise       ; FSM|State~3|clk    ;
; 5.000 ; 5.000        ; 0.000          ; Low Pulse Width  ; Clock ; Rise       ; FSM|State~3|clk    ;
; 5.000 ; 5.000        ; 0.000          ; High Pulse Width ; Clock ; Rise       ; FSM|State~4|clk    ;
; 5.000 ; 5.000        ; 0.000          ; Low Pulse Width  ; Clock ; Rise       ; FSM|State~4|clk    ;
; 5.000 ; 5.000        ; 0.000          ; High Pulse Width ; Clock ; Rise       ; FSM|State~5|clk    ;
; 5.000 ; 5.000        ; 0.000          ; Low Pulse Width  ; Clock ; Rise       ; FSM|State~5|clk    ;
; 5.000 ; 5.000        ; 0.000          ; High Pulse Width ; Clock ; Rise       ; KEY[0]|combout     ;
; 5.000 ; 5.000        ; 0.000          ; Low Pulse Width  ; Clock ; Rise       ; KEY[0]|combout     ;
; 7.778 ; 10.000       ; 2.222          ; Port Rate        ; Clock ; Rise       ; KEY[0]             ;
+-------+--------------+----------------+------------------+-------+------------+--------------------+


+-----------------------------------------------------------------------+
; Setup Times                                                           ;
+-----------+------------+-------+-------+------------+-----------------+
; Data Port ; Clock Port ; Rise  ; Fall  ; Clock Edge ; Clock Reference ;
+-----------+------------+-------+-------+------------+-----------------+
; SW[*]     ; Clock      ; 0.899 ; 0.899 ; Fall       ; Clock           ;
;  SW[0]    ; Clock      ; 0.899 ; 0.899 ; Fall       ; Clock           ;
;  SW[1]    ; Clock      ; 0.891 ; 0.891 ; Fall       ; Clock           ;
;  SW[2]    ; Clock      ; 0.554 ; 0.554 ; Fall       ; Clock           ;
+-----------+------------+-------+-------+------------+-----------------+


+-----------------------------------------------------------------------+
; Hold Times                                                            ;
+-----------+------------+-------+-------+------------+-----------------+
; Data Port ; Clock Port ; Rise  ; Fall  ; Clock Edge ; Clock Reference ;
+-----------+------------+-------+-------+------------+-----------------+
; SW[*]     ; Clock      ; 0.989 ; 0.989 ; Fall       ; Clock           ;
;  SW[0]    ; Clock      ; 0.689 ; 0.689 ; Fall       ; Clock           ;
;  SW[1]    ; Clock      ; 0.365 ; 0.365 ; Fall       ; Clock           ;
;  SW[2]    ; Clock      ; 0.989 ; 0.989 ; Fall       ; Clock           ;
+-----------+------------+-------+-------+------------+-----------------+


+-------------------------------------------------------------------------+
; Clock to Output Times                                                   ;
+-----------+------------+--------+--------+------------+-----------------+
; Data Port ; Clock Port ; Rise   ; Fall   ; Clock Edge ; Clock Reference ;
+-----------+------------+--------+--------+------------+-----------------+
; LEDG[*]   ; Clock      ; 9.753  ; 9.753  ; Rise       ; Clock           ;
;  LEDG[0]  ; Clock      ; 9.753  ; 9.753  ; Rise       ; Clock           ;
; HEX0[*]   ; Clock      ; 10.435 ; 10.435 ; Fall       ; Clock           ;
;  HEX0[0]  ; Clock      ; 9.509  ; 9.509  ; Fall       ; Clock           ;
;  HEX0[6]  ; Clock      ; 10.435 ; 10.435 ; Fall       ; Clock           ;
; HEX2[*]   ; Clock      ; 7.996  ; 7.996  ; Fall       ; Clock           ;
;  HEX2[0]  ; Clock      ; 7.985  ; 7.985  ; Fall       ; Clock           ;
;  HEX2[1]  ; Clock      ; 7.921  ; 7.921  ; Fall       ; Clock           ;
;  HEX2[2]  ; Clock      ; 7.996  ; 7.996  ; Fall       ; Clock           ;
;  HEX2[3]  ; Clock      ; 7.963  ; 7.963  ; Fall       ; Clock           ;
;  HEX2[4]  ; Clock      ; 7.684  ; 7.684  ; Fall       ; Clock           ;
;  HEX2[5]  ; Clock      ; 7.631  ; 7.631  ; Fall       ; Clock           ;
;  HEX2[6]  ; Clock      ; 7.707  ; 7.707  ; Fall       ; Clock           ;
; LEDG[*]   ; Clock      ; 9.753  ; 9.753  ; Fall       ; Clock           ;
;  LEDG[0]  ; Clock      ; 9.753  ; 9.753  ; Fall       ; Clock           ;
+-----------+------------+--------+--------+------------+-----------------+


+-------------------------------------------------------------------------+
; Minimum Clock to Output Times                                           ;
+-----------+------------+--------+--------+------------+-----------------+
; Data Port ; Clock Port ; Rise   ; Fall   ; Clock Edge ; Clock Reference ;
+-----------+------------+--------+--------+------------+-----------------+
; LEDG[*]   ; Clock      ; 9.753  ; 9.753  ; Rise       ; Clock           ;
;  LEDG[0]  ; Clock      ; 9.753  ; 9.753  ; Rise       ; Clock           ;
; HEX0[*]   ; Clock      ; 9.280  ; 9.280  ; Fall       ; Clock           ;
;  HEX0[0]  ; Clock      ; 9.280  ; 9.280  ; Fall       ; Clock           ;
;  HEX0[6]  ; Clock      ; 10.165 ; 10.165 ; Fall       ; Clock           ;
; HEX2[*]   ; Clock      ; 7.385  ; 7.385  ; Fall       ; Clock           ;
;  HEX2[0]  ; Clock      ; 7.721  ; 7.721  ; Fall       ; Clock           ;
;  HEX2[1]  ; Clock      ; 7.643  ; 7.643  ; Fall       ; Clock           ;
;  HEX2[2]  ; Clock      ; 7.718  ; 7.718  ; Fall       ; Clock           ;
;  HEX2[3]  ; Clock      ; 7.697  ; 7.697  ; Fall       ; Clock           ;
;  HEX2[4]  ; Clock      ; 7.431  ; 7.431  ; Fall       ; Clock           ;
;  HEX2[5]  ; Clock      ; 7.385  ; 7.385  ; Fall       ; Clock           ;
;  HEX2[6]  ; Clock      ; 7.430  ; 7.430  ; Fall       ; Clock           ;
; LEDG[*]   ; Clock      ; 9.753  ; 9.753  ; Fall       ; Clock           ;
;  LEDG[0]  ; Clock      ; 9.753  ; 9.753  ; Fall       ; Clock           ;
+-----------+------------+--------+--------+------------+-----------------+


+----------------------------------------------------------+
; Propagation Delay                                        ;
+------------+-------------+-------+-------+-------+-------+
; Input Port ; Output Port ; RR    ; RF    ; FR    ; FF    ;
+------------+-------------+-------+-------+-------+-------+
; SW[0]      ; HEX1[0]     ;       ; 6.640 ; 6.640 ;       ;
; SW[0]      ; HEX1[1]     ; 6.692 ; 6.692 ; 6.692 ; 6.692 ;
; SW[0]      ; HEX1[2]     ; 6.252 ; 6.252 ; 6.252 ; 6.252 ;
; SW[0]      ; HEX1[3]     ;       ; 6.241 ; 6.241 ;       ;
; SW[0]      ; LEDR[0]     ; 5.694 ;       ;       ; 5.694 ;
; SW[1]      ; HEX1[1]     ; 6.415 ; 6.415 ; 6.415 ; 6.415 ;
; SW[1]      ; HEX1[2]     ; 5.975 ; 5.975 ; 5.975 ; 5.975 ;
; SW[1]      ; HEX1[3]     ;       ; 5.963 ; 5.963 ;       ;
; SW[1]      ; HEX1[6]     ; 6.464 ;       ;       ; 6.464 ;
; SW[1]      ; LEDR[1]     ; 5.759 ;       ;       ; 5.759 ;
; SW[2]      ; HEX1[0]     ; 6.290 ;       ;       ; 6.290 ;
; SW[2]      ; HEX1[1]     ; 6.314 ;       ;       ; 6.314 ;
; SW[2]      ; HEX1[2]     ; 5.874 ;       ;       ; 5.874 ;
; SW[2]      ; HEX1[3]     ; 5.861 ;       ;       ; 5.861 ;
; SW[2]      ; HEX1[4]     ; 5.321 ;       ;       ; 5.321 ;
; SW[2]      ; HEX1[5]     ; 5.038 ;       ;       ; 5.038 ;
; SW[2]      ; HEX1[6]     ; 6.057 ;       ;       ; 6.057 ;
; SW[2]      ; LEDR[2]     ; 5.202 ;       ;       ; 5.202 ;
+------------+-------------+-------+-------+-------+-------+


+----------------------------------------------------------+
; Minimum Propagation Delay                                ;
+------------+-------------+-------+-------+-------+-------+
; Input Port ; Output Port ; RR    ; RF    ; FR    ; FF    ;
+------------+-------------+-------+-------+-------+-------+
; SW[0]      ; HEX1[0]     ;       ; 6.640 ; 6.640 ;       ;
; SW[0]      ; HEX1[1]     ; 6.692 ; 6.692 ; 6.692 ; 6.692 ;
; SW[0]      ; HEX1[2]     ; 6.252 ; 6.252 ; 6.252 ; 6.252 ;
; SW[0]      ; HEX1[3]     ;       ; 6.241 ; 6.241 ;       ;
; SW[0]      ; LEDR[0]     ; 5.694 ;       ;       ; 5.694 ;
; SW[1]      ; HEX1[1]     ; 6.415 ; 6.415 ; 6.415 ; 6.415 ;
; SW[1]      ; HEX1[2]     ; 5.975 ; 5.975 ; 5.975 ; 5.975 ;
; SW[1]      ; HEX1[3]     ;       ; 5.963 ; 5.963 ;       ;
; SW[1]      ; HEX1[6]     ; 6.464 ;       ;       ; 6.464 ;
; SW[1]      ; LEDR[1]     ; 5.759 ;       ;       ; 5.759 ;
; SW[2]      ; HEX1[0]     ; 6.290 ;       ;       ; 6.290 ;
; SW[2]      ; HEX1[1]     ; 6.314 ;       ;       ; 6.314 ;
; SW[2]      ; HEX1[2]     ; 5.874 ;       ;       ; 5.874 ;
; SW[2]      ; HEX1[3]     ; 5.861 ;       ;       ; 5.861 ;
; SW[2]      ; HEX1[4]     ; 5.321 ;       ;       ; 5.321 ;
; SW[2]      ; HEX1[5]     ; 5.038 ;       ;       ; 5.038 ;
; SW[2]      ; HEX1[6]     ; 6.057 ;       ;       ; 6.057 ;
; SW[2]      ; LEDR[2]     ; 5.202 ;       ;       ; 5.202 ;
+------------+-------------+-------+-------+-------+-------+


+-------------------------------+
; Fast Model Setup Summary      ;
+-------+-------+---------------+
; Clock ; Slack ; End Point TNS ;
+-------+-------+---------------+
; Clock ; 9.109 ; 0.000         ;
+-------+-------+---------------+


+-------------------------------+
; Fast Model Hold Summary       ;
+-------+-------+---------------+
; Clock ; Slack ; End Point TNS ;
+-------+-------+---------------+
; Clock ; 0.215 ; 0.000         ;
+-------+-------+---------------+


-------------------------------
; Fast Model Recovery Summary ;
-------------------------------
No paths to report.


------------------------------
; Fast Model Removal Summary ;
------------------------------
No paths to report.


+----------------------------------------+
; Fast Model Minimum Pulse Width Summary ;
+-------+-------+------------------------+
; Clock ; Slack ; End Point TNS          ;
+-------+-------+------------------------+
; Clock ; 4.000 ; 0.000                  ;
+-------+-------+------------------------+


+-----------------------------------------------------------------------------------------------------------------------+
; Fast Model Setup: 'Clock'                                                                                             ;
+-------+--------------------+--------------------+--------------+-------------+--------------+------------+------------+
; Slack ; From Node          ; To Node            ; Launch Clock ; Latch Clock ; Relationship ; Clock Skew ; Data Delay ;
+-------+--------------------+--------------------+--------------+-------------+--------------+------------+------------+
; 9.109 ; MT1FSM:FSM|State~5 ; MT1FSM:FSM|State~4 ; Clock        ; Clock       ; 10.000       ; 0.000      ; 0.923      ;
; 9.123 ; MT1FSM:FSM|State~4 ; MT1FSM:FSM|State~4 ; Clock        ; Clock       ; 10.000       ; 0.000      ; 0.909      ;
; 9.194 ; MT1FSM:FSM|State~3 ; MT1FSM:FSM|State~4 ; Clock        ; Clock       ; 10.000       ; 0.000      ; 0.838      ;
; 9.224 ; MT1FSM:FSM|State~2 ; MT1FSM:FSM|State~4 ; Clock        ; Clock       ; 10.000       ; 0.000      ; 0.808      ;
; 9.237 ; MT1FSM:FSM|State~5 ; MT1FSM:FSM|State~5 ; Clock        ; Clock       ; 10.000       ; 0.000      ; 0.795      ;
; 9.252 ; MT1FSM:FSM|State~4 ; MT1FSM:FSM|State~5 ; Clock        ; Clock       ; 10.000       ; 0.000      ; 0.780      ;
; 9.293 ; MT1FSM:FSM|State~4 ; MT1FSM:FSM|State~2 ; Clock        ; Clock       ; 10.000       ; 0.000      ; 0.739      ;
; 9.324 ; MT1FSM:FSM|State~3 ; MT1FSM:FSM|State~5 ; Clock        ; Clock       ; 10.000       ; 0.000      ; 0.708      ;
; 9.352 ; MT1FSM:FSM|State~2 ; MT1FSM:FSM|State~5 ; Clock        ; Clock       ; 10.000       ; 0.000      ; 0.680      ;
; 9.406 ; MT1FSM:FSM|State~5 ; MT1FSM:FSM|State~2 ; Clock        ; Clock       ; 10.000       ; 0.000      ; 0.626      ;
; 9.470 ; MT1FSM:FSM|State~3 ; MT1FSM:FSM|State~2 ; Clock        ; Clock       ; 10.000       ; 0.000      ; 0.562      ;
; 9.564 ; MT1FSM:FSM|State~2 ; MT1FSM:FSM|State~3 ; Clock        ; Clock       ; 10.000       ; 0.000      ; 0.468      ;
; 9.665 ; MT1FSM:FSM|State~2 ; MT1FSM:FSM|State~2 ; Clock        ; Clock       ; 10.000       ; 0.000      ; 0.367      ;
; 9.665 ; MT1FSM:FSM|State~3 ; MT1FSM:FSM|State~3 ; Clock        ; Clock       ; 10.000       ; 0.000      ; 0.367      ;
+-------+--------------------+--------------------+--------------+-------------+--------------+------------+------------+


+-----------------------------------------------------------------------------------------------------------------------+
; Fast Model Hold: 'Clock'                                                                                              ;
+-------+--------------------+--------------------+--------------+-------------+--------------+------------+------------+
; Slack ; From Node          ; To Node            ; Launch Clock ; Latch Clock ; Relationship ; Clock Skew ; Data Delay ;
+-------+--------------------+--------------------+--------------+-------------+--------------+------------+------------+
; 0.215 ; MT1FSM:FSM|State~2 ; MT1FSM:FSM|State~2 ; Clock        ; Clock       ; 0.000        ; 0.000      ; 0.367      ;
; 0.215 ; MT1FSM:FSM|State~3 ; MT1FSM:FSM|State~3 ; Clock        ; Clock       ; 0.000        ; 0.000      ; 0.367      ;
; 0.316 ; MT1FSM:FSM|State~2 ; MT1FSM:FSM|State~3 ; Clock        ; Clock       ; 0.000        ; 0.000      ; 0.468      ;
; 0.410 ; MT1FSM:FSM|State~3 ; MT1FSM:FSM|State~2 ; Clock        ; Clock       ; 0.000        ; 0.000      ; 0.562      ;
; 0.474 ; MT1FSM:FSM|State~5 ; MT1FSM:FSM|State~2 ; Clock        ; Clock       ; 0.000        ; 0.000      ; 0.626      ;
; 0.486 ; MT1FSM:FSM|State~2 ; MT1FSM:FSM|State~5 ; Clock        ; Clock       ; 0.000        ; 0.000      ; 0.638      ;
; 0.507 ; MT1FSM:FSM|State~3 ; MT1FSM:FSM|State~5 ; Clock        ; Clock       ; 0.000        ; 0.000      ; 0.659      ;
; 0.583 ; MT1FSM:FSM|State~4 ; MT1FSM:FSM|State~5 ; Clock        ; Clock       ; 0.000        ; 0.000      ; 0.735      ;
; 0.587 ; MT1FSM:FSM|State~4 ; MT1FSM:FSM|State~2 ; Clock        ; Clock       ; 0.000        ; 0.000      ; 0.739      ;
; 0.609 ; MT1FSM:FSM|State~5 ; MT1FSM:FSM|State~5 ; Clock        ; Clock       ; 0.000        ; 0.000      ; 0.761      ;
; 0.621 ; MT1FSM:FSM|State~2 ; MT1FSM:FSM|State~4 ; Clock        ; Clock       ; 0.000        ; 0.000      ; 0.773      ;
; 0.642 ; MT1FSM:FSM|State~3 ; MT1FSM:FSM|State~4 ; Clock        ; Clock       ; 0.000        ; 0.000      ; 0.794      ;
; 0.718 ; MT1FSM:FSM|State~4 ; MT1FSM:FSM|State~4 ; Clock        ; Clock       ; 0.000        ; 0.000      ; 0.870      ;
; 0.744 ; MT1FSM:FSM|State~5 ; MT1FSM:FSM|State~4 ; Clock        ; Clock       ; 0.000        ; 0.000      ; 0.896      ;
+-------+--------------------+--------------------+--------------+-------------+--------------+------------+------------+


+----------------------------------------------------------------------------------------------------+
; Fast Model Minimum Pulse Width: 'Clock'                                                            ;
+-------+--------------+----------------+------------------+-------+------------+--------------------+
; Slack ; Actual Width ; Required Width ; Type             ; Clock ; Clock Edge ; Target             ;
+-------+--------------+----------------+------------------+-------+------------+--------------------+
; 4.000 ; 5.000        ; 1.000          ; High Pulse Width ; Clock ; Fall       ; MT1FSM:FSM|State~2 ;
; 4.000 ; 5.000        ; 1.000          ; Low Pulse Width  ; Clock ; Fall       ; MT1FSM:FSM|State~2 ;
; 4.000 ; 5.000        ; 1.000          ; High Pulse Width ; Clock ; Fall       ; MT1FSM:FSM|State~3 ;
; 4.000 ; 5.000        ; 1.000          ; Low Pulse Width  ; Clock ; Fall       ; MT1FSM:FSM|State~3 ;
; 4.000 ; 5.000        ; 1.000          ; High Pulse Width ; Clock ; Fall       ; MT1FSM:FSM|State~4 ;
; 4.000 ; 5.000        ; 1.000          ; Low Pulse Width  ; Clock ; Fall       ; MT1FSM:FSM|State~4 ;
; 4.000 ; 5.000        ; 1.000          ; High Pulse Width ; Clock ; Fall       ; MT1FSM:FSM|State~5 ;
; 4.000 ; 5.000        ; 1.000          ; Low Pulse Width  ; Clock ; Fall       ; MT1FSM:FSM|State~5 ;
; 5.000 ; 5.000        ; 0.000          ; High Pulse Width ; Clock ; Rise       ; FSM|State~2|clk    ;
; 5.000 ; 5.000        ; 0.000          ; Low Pulse Width  ; Clock ; Rise       ; FSM|State~2|clk    ;
; 5.000 ; 5.000        ; 0.000          ; High Pulse Width ; Clock ; Rise       ; FSM|State~3|clk    ;
; 5.000 ; 5.000        ; 0.000          ; Low Pulse Width  ; Clock ; Rise       ; FSM|State~3|clk    ;
; 5.000 ; 5.000        ; 0.000          ; High Pulse Width ; Clock ; Rise       ; FSM|State~4|clk    ;
; 5.000 ; 5.000        ; 0.000          ; Low Pulse Width  ; Clock ; Rise       ; FSM|State~4|clk    ;
; 5.000 ; 5.000        ; 0.000          ; High Pulse Width ; Clock ; Rise       ; FSM|State~5|clk    ;
; 5.000 ; 5.000        ; 0.000          ; Low Pulse Width  ; Clock ; Rise       ; FSM|State~5|clk    ;
; 5.000 ; 5.000        ; 0.000          ; High Pulse Width ; Clock ; Rise       ; KEY[0]|combout     ;
; 5.000 ; 5.000        ; 0.000          ; Low Pulse Width  ; Clock ; Rise       ; KEY[0]|combout     ;
; 7.778 ; 10.000       ; 2.222          ; Port Rate        ; Clock ; Rise       ; KEY[0]             ;
+-------+--------------+----------------+------------------+-------+------------+--------------------+


+-----------------------------------------------------------------------+
; Setup Times                                                           ;
+-----------+------------+-------+-------+------------+-----------------+
; Data Port ; Clock Port ; Rise  ; Fall  ; Clock Edge ; Clock Reference ;
+-----------+------------+-------+-------+------------+-----------------+
; SW[*]     ; Clock      ; 0.251 ; 0.251 ; Fall       ; Clock           ;
;  SW[0]    ; Clock      ; 0.231 ; 0.231 ; Fall       ; Clock           ;
;  SW[1]    ; Clock      ; 0.251 ; 0.251 ; Fall       ; Clock           ;
;  SW[2]    ; Clock      ; 0.096 ; 0.096 ; Fall       ; Clock           ;
+-----------+------------+-------+-------+------------+-----------------+


+-----------------------------------------------------------------------+
; Hold Times                                                            ;
+-----------+------------+-------+-------+------------+-----------------+
; Data Port ; Clock Port ; Rise  ; Fall  ; Clock Edge ; Clock Reference ;
+-----------+------------+-------+-------+------------+-----------------+
; SW[*]     ; Clock      ; 0.583 ; 0.583 ; Fall       ; Clock           ;
;  SW[0]    ; Clock      ; 0.497 ; 0.497 ; Fall       ; Clock           ;
;  SW[1]    ; Clock      ; 0.366 ; 0.366 ; Fall       ; Clock           ;
;  SW[2]    ; Clock      ; 0.583 ; 0.583 ; Fall       ; Clock           ;
+-----------+------------+-------+-------+------------+-----------------+


+-----------------------------------------------------------------------+
; Clock to Output Times                                                 ;
+-----------+------------+-------+-------+------------+-----------------+
; Data Port ; Clock Port ; Rise  ; Fall  ; Clock Edge ; Clock Reference ;
+-----------+------------+-------+-------+------------+-----------------+
; LEDG[*]   ; Clock      ; 5.641 ; 5.641 ; Rise       ; Clock           ;
;  LEDG[0]  ; Clock      ; 5.641 ; 5.641 ; Rise       ; Clock           ;
; HEX0[*]   ; Clock      ; 5.413 ; 5.413 ; Fall       ; Clock           ;
;  HEX0[0]  ; Clock      ; 5.076 ; 5.076 ; Fall       ; Clock           ;
;  HEX0[6]  ; Clock      ; 5.413 ; 5.413 ; Fall       ; Clock           ;
; HEX2[*]   ; Clock      ; 4.230 ; 4.230 ; Fall       ; Clock           ;
;  HEX2[0]  ; Clock      ; 4.224 ; 4.224 ; Fall       ; Clock           ;
;  HEX2[1]  ; Clock      ; 4.169 ; 4.169 ; Fall       ; Clock           ;
;  HEX2[2]  ; Clock      ; 4.230 ; 4.230 ; Fall       ; Clock           ;
;  HEX2[3]  ; Clock      ; 4.213 ; 4.213 ; Fall       ; Clock           ;
;  HEX2[4]  ; Clock      ; 4.094 ; 4.094 ; Fall       ; Clock           ;
;  HEX2[5]  ; Clock      ; 4.066 ; 4.066 ; Fall       ; Clock           ;
;  HEX2[6]  ; Clock      ; 4.086 ; 4.086 ; Fall       ; Clock           ;
; LEDG[*]   ; Clock      ; 5.641 ; 5.641 ; Fall       ; Clock           ;
;  LEDG[0]  ; Clock      ; 5.641 ; 5.641 ; Fall       ; Clock           ;
+-----------+------------+-------+-------+------------+-----------------+


+-----------------------------------------------------------------------+
; Minimum Clock to Output Times                                         ;
+-----------+------------+-------+-------+------------+-----------------+
; Data Port ; Clock Port ; Rise  ; Fall  ; Clock Edge ; Clock Reference ;
+-----------+------------+-------+-------+------------+-----------------+
; LEDG[*]   ; Clock      ; 5.641 ; 5.641 ; Rise       ; Clock           ;
;  LEDG[0]  ; Clock      ; 5.641 ; 5.641 ; Rise       ; Clock           ;
; HEX0[*]   ; Clock      ; 4.953 ; 4.953 ; Fall       ; Clock           ;
;  HEX0[0]  ; Clock      ; 4.953 ; 4.953 ; Fall       ; Clock           ;
;  HEX0[6]  ; Clock      ; 5.300 ; 5.300 ; Fall       ; Clock           ;
; HEX2[*]   ; Clock      ; 3.948 ; 3.948 ; Fall       ; Clock           ;
;  HEX2[0]  ; Clock      ; 4.112 ; 4.112 ; Fall       ; Clock           ;
;  HEX2[1]  ; Clock      ; 4.048 ; 4.048 ; Fall       ; Clock           ;
;  HEX2[2]  ; Clock      ; 4.107 ; 4.107 ; Fall       ; Clock           ;
;  HEX2[3]  ; Clock      ; 4.101 ; 4.101 ; Fall       ; Clock           ;
;  HEX2[4]  ; Clock      ; 3.976 ; 3.976 ; Fall       ; Clock           ;
;  HEX2[5]  ; Clock      ; 3.948 ; 3.948 ; Fall       ; Clock           ;
;  HEX2[6]  ; Clock      ; 3.968 ; 3.968 ; Fall       ; Clock           ;
; LEDG[*]   ; Clock      ; 5.641 ; 5.641 ; Fall       ; Clock           ;
;  LEDG[0]  ; Clock      ; 5.641 ; 5.641 ; Fall       ; Clock           ;
+-----------+------------+-------+-------+------------+-----------------+


+----------------------------------------------------------+
; Propagation Delay                                        ;
+------------+-------------+-------+-------+-------+-------+
; Input Port ; Output Port ; RR    ; RF    ; FR    ; FF    ;
+------------+-------------+-------+-------+-------+-------+
; SW[0]      ; HEX1[0]     ;       ; 3.463 ; 3.463 ;       ;
; SW[0]      ; HEX1[1]     ; 3.483 ; 3.483 ; 3.483 ; 3.483 ;
; SW[0]      ; HEX1[2]     ; 3.229 ; 3.229 ; 3.229 ; 3.229 ;
; SW[0]      ; HEX1[3]     ;       ; 3.228 ; 3.228 ;       ;
; SW[0]      ; LEDR[0]     ; 3.061 ;       ;       ; 3.061 ;
; SW[1]      ; HEX1[1]     ; 3.372 ; 3.372 ; 3.372 ; 3.372 ;
; SW[1]      ; HEX1[2]     ; 3.118 ; 3.118 ; 3.118 ; 3.118 ;
; SW[1]      ; HEX1[3]     ;       ; 3.118 ; 3.118 ;       ;
; SW[1]      ; HEX1[6]     ; 3.344 ;       ;       ; 3.344 ;
; SW[1]      ; LEDR[1]     ; 3.091 ;       ;       ; 3.091 ;
; SW[2]      ; HEX1[0]     ; 3.319 ;       ;       ; 3.319 ;
; SW[2]      ; HEX1[1]     ; 3.345 ;       ;       ; 3.345 ;
; SW[2]      ; HEX1[2]     ; 3.091 ;       ;       ; 3.091 ;
; SW[2]      ; HEX1[3]     ; 3.093 ;       ;       ; 3.093 ;
; SW[2]      ; HEX1[4]     ; 2.850 ;       ;       ; 2.850 ;
; SW[2]      ; HEX1[5]     ; 2.718 ;       ;       ; 2.718 ;
; SW[2]      ; HEX1[6]     ; 3.189 ;       ;       ; 3.189 ;
; SW[2]      ; LEDR[2]     ; 2.858 ;       ;       ; 2.858 ;
+------------+-------------+-------+-------+-------+-------+


+----------------------------------------------------------+
; Minimum Propagation Delay                                ;
+------------+-------------+-------+-------+-------+-------+
; Input Port ; Output Port ; RR    ; RF    ; FR    ; FF    ;
+------------+-------------+-------+-------+-------+-------+
; SW[0]      ; HEX1[0]     ;       ; 3.463 ; 3.463 ;       ;
; SW[0]      ; HEX1[1]     ; 3.483 ; 3.483 ; 3.483 ; 3.483 ;
; SW[0]      ; HEX1[2]     ; 3.229 ; 3.229 ; 3.229 ; 3.229 ;
; SW[0]      ; HEX1[3]     ;       ; 3.228 ; 3.228 ;       ;
; SW[0]      ; LEDR[0]     ; 3.061 ;       ;       ; 3.061 ;
; SW[1]      ; HEX1[1]     ; 3.372 ; 3.372 ; 3.372 ; 3.372 ;
; SW[1]      ; HEX1[2]     ; 3.118 ; 3.118 ; 3.118 ; 3.118 ;
; SW[1]      ; HEX1[3]     ;       ; 3.118 ; 3.118 ;       ;
; SW[1]      ; HEX1[6]     ; 3.344 ;       ;       ; 3.344 ;
; SW[1]      ; LEDR[1]     ; 3.091 ;       ;       ; 3.091 ;
; SW[2]      ; HEX1[0]     ; 3.319 ;       ;       ; 3.319 ;
; SW[2]      ; HEX1[1]     ; 3.345 ;       ;       ; 3.345 ;
; SW[2]      ; HEX1[2]     ; 3.091 ;       ;       ; 3.091 ;
; SW[2]      ; HEX1[3]     ; 3.093 ;       ;       ; 3.093 ;
; SW[2]      ; HEX1[4]     ; 2.850 ;       ;       ; 2.850 ;
; SW[2]      ; HEX1[5]     ; 2.718 ;       ;       ; 2.718 ;
; SW[2]      ; HEX1[6]     ; 3.189 ;       ;       ; 3.189 ;
; SW[2]      ; LEDR[2]     ; 2.858 ;       ;       ; 2.858 ;
+------------+-------------+-------+-------+-------+-------+


+-----------------------------------------------------------------------------+
; Multicorner Timing Analysis Summary                                         ;
+------------------+-------+-------+----------+---------+---------------------+
; Clock            ; Setup ; Hold  ; Recovery ; Removal ; Minimum Pulse Width ;
+------------------+-------+-------+----------+---------+---------------------+
; Worst-case Slack ; 8.094 ; 0.215 ; N/A      ; N/A     ; 4.000               ;
;  Clock           ; 8.094 ; 0.215 ; N/A      ; N/A     ; 4.000               ;
; Design-wide TNS  ; 0.0   ; 0.0   ; 0.0      ; 0.0     ; 0.0                 ;
;  Clock           ; 0.000 ; 0.000 ; N/A      ; N/A     ; 0.000               ;
+------------------+-------+-------+----------+---------+---------------------+


+-----------------------------------------------------------------------+
; Setup Times                                                           ;
+-----------+------------+-------+-------+------------+-----------------+
; Data Port ; Clock Port ; Rise  ; Fall  ; Clock Edge ; Clock Reference ;
+-----------+------------+-------+-------+------------+-----------------+
; SW[*]     ; Clock      ; 0.899 ; 0.899 ; Fall       ; Clock           ;
;  SW[0]    ; Clock      ; 0.899 ; 0.899 ; Fall       ; Clock           ;
;  SW[1]    ; Clock      ; 0.891 ; 0.891 ; Fall       ; Clock           ;
;  SW[2]    ; Clock      ; 0.554 ; 0.554 ; Fall       ; Clock           ;
+-----------+------------+-------+-------+------------+-----------------+


+-----------------------------------------------------------------------+
; Hold Times                                                            ;
+-----------+------------+-------+-------+------------+-----------------+
; Data Port ; Clock Port ; Rise  ; Fall  ; Clock Edge ; Clock Reference ;
+-----------+------------+-------+-------+------------+-----------------+
; SW[*]     ; Clock      ; 0.989 ; 0.989 ; Fall       ; Clock           ;
;  SW[0]    ; Clock      ; 0.689 ; 0.689 ; Fall       ; Clock           ;
;  SW[1]    ; Clock      ; 0.366 ; 0.366 ; Fall       ; Clock           ;
;  SW[2]    ; Clock      ; 0.989 ; 0.989 ; Fall       ; Clock           ;
+-----------+------------+-------+-------+------------+-----------------+


+-------------------------------------------------------------------------+
; Clock to Output Times                                                   ;
+-----------+------------+--------+--------+------------+-----------------+
; Data Port ; Clock Port ; Rise   ; Fall   ; Clock Edge ; Clock Reference ;
+-----------+------------+--------+--------+------------+-----------------+
; LEDG[*]   ; Clock      ; 9.753  ; 9.753  ; Rise       ; Clock           ;
;  LEDG[0]  ; Clock      ; 9.753  ; 9.753  ; Rise       ; Clock           ;
; HEX0[*]   ; Clock      ; 10.435 ; 10.435 ; Fall       ; Clock           ;
;  HEX0[0]  ; Clock      ; 9.509  ; 9.509  ; Fall       ; Clock           ;
;  HEX0[6]  ; Clock      ; 10.435 ; 10.435 ; Fall       ; Clock           ;
; HEX2[*]   ; Clock      ; 7.996  ; 7.996  ; Fall       ; Clock           ;
;  HEX2[0]  ; Clock      ; 7.985  ; 7.985  ; Fall       ; Clock           ;
;  HEX2[1]  ; Clock      ; 7.921  ; 7.921  ; Fall       ; Clock           ;
;  HEX2[2]  ; Clock      ; 7.996  ; 7.996  ; Fall       ; Clock           ;
;  HEX2[3]  ; Clock      ; 7.963  ; 7.963  ; Fall       ; Clock           ;
;  HEX2[4]  ; Clock      ; 7.684  ; 7.684  ; Fall       ; Clock           ;
;  HEX2[5]  ; Clock      ; 7.631  ; 7.631  ; Fall       ; Clock           ;
;  HEX2[6]  ; Clock      ; 7.707  ; 7.707  ; Fall       ; Clock           ;
; LEDG[*]   ; Clock      ; 9.753  ; 9.753  ; Fall       ; Clock           ;
;  LEDG[0]  ; Clock      ; 9.753  ; 9.753  ; Fall       ; Clock           ;
+-----------+------------+--------+--------+------------+-----------------+


+-----------------------------------------------------------------------+
; Minimum Clock to Output Times                                         ;
+-----------+------------+-------+-------+------------+-----------------+
; Data Port ; Clock Port ; Rise  ; Fall  ; Clock Edge ; Clock Reference ;
+-----------+------------+-------+-------+------------+-----------------+
; LEDG[*]   ; Clock      ; 5.641 ; 5.641 ; Rise       ; Clock           ;
;  LEDG[0]  ; Clock      ; 5.641 ; 5.641 ; Rise       ; Clock           ;
; HEX0[*]   ; Clock      ; 4.953 ; 4.953 ; Fall       ; Clock           ;
;  HEX0[0]  ; Clock      ; 4.953 ; 4.953 ; Fall       ; Clock           ;
;  HEX0[6]  ; Clock      ; 5.300 ; 5.300 ; Fall       ; Clock           ;
; HEX2[*]   ; Clock      ; 3.948 ; 3.948 ; Fall       ; Clock           ;
;  HEX2[0]  ; Clock      ; 4.112 ; 4.112 ; Fall       ; Clock           ;
;  HEX2[1]  ; Clock      ; 4.048 ; 4.048 ; Fall       ; Clock           ;
;  HEX2[2]  ; Clock      ; 4.107 ; 4.107 ; Fall       ; Clock           ;
;  HEX2[3]  ; Clock      ; 4.101 ; 4.101 ; Fall       ; Clock           ;
;  HEX2[4]  ; Clock      ; 3.976 ; 3.976 ; Fall       ; Clock           ;
;  HEX2[5]  ; Clock      ; 3.948 ; 3.948 ; Fall       ; Clock           ;
;  HEX2[6]  ; Clock      ; 3.968 ; 3.968 ; Fall       ; Clock           ;
; LEDG[*]   ; Clock      ; 5.641 ; 5.641 ; Fall       ; Clock           ;
;  LEDG[0]  ; Clock      ; 5.641 ; 5.641 ; Fall       ; Clock           ;
+-----------+------------+-------+-------+------------+-----------------+


+----------------------------------------------------------+
; Progagation Delay                                        ;
+------------+-------------+-------+-------+-------+-------+
; Input Port ; Output Port ; RR    ; RF    ; FR    ; FF    ;
+------------+-------------+-------+-------+-------+-------+
; SW[0]      ; HEX1[0]     ;       ; 6.640 ; 6.640 ;       ;
; SW[0]      ; HEX1[1]     ; 6.692 ; 6.692 ; 6.692 ; 6.692 ;
; SW[0]      ; HEX1[2]     ; 6.252 ; 6.252 ; 6.252 ; 6.252 ;
; SW[0]      ; HEX1[3]     ;       ; 6.241 ; 6.241 ;       ;
; SW[0]      ; LEDR[0]     ; 5.694 ;       ;       ; 5.694 ;
; SW[1]      ; HEX1[1]     ; 6.415 ; 6.415 ; 6.415 ; 6.415 ;
; SW[1]      ; HEX1[2]     ; 5.975 ; 5.975 ; 5.975 ; 5.975 ;
; SW[1]      ; HEX1[3]     ;       ; 5.963 ; 5.963 ;       ;
; SW[1]      ; HEX1[6]     ; 6.464 ;       ;       ; 6.464 ;
; SW[1]      ; LEDR[1]     ; 5.759 ;       ;       ; 5.759 ;
; SW[2]      ; HEX1[0]     ; 6.290 ;       ;       ; 6.290 ;
; SW[2]      ; HEX1[1]     ; 6.314 ;       ;       ; 6.314 ;
; SW[2]      ; HEX1[2]     ; 5.874 ;       ;       ; 5.874 ;
; SW[2]      ; HEX1[3]     ; 5.861 ;       ;       ; 5.861 ;
; SW[2]      ; HEX1[4]     ; 5.321 ;       ;       ; 5.321 ;
; SW[2]      ; HEX1[5]     ; 5.038 ;       ;       ; 5.038 ;
; SW[2]      ; HEX1[6]     ; 6.057 ;       ;       ; 6.057 ;
; SW[2]      ; LEDR[2]     ; 5.202 ;       ;       ; 5.202 ;
+------------+-------------+-------+-------+-------+-------+


+----------------------------------------------------------+
; Minimum Progagation Delay                                ;
+------------+-------------+-------+-------+-------+-------+
; Input Port ; Output Port ; RR    ; RF    ; FR    ; FF    ;
+------------+-------------+-------+-------+-------+-------+
; SW[0]      ; HEX1[0]     ;       ; 3.463 ; 3.463 ;       ;
; SW[0]      ; HEX1[1]     ; 3.483 ; 3.483 ; 3.483 ; 3.483 ;
; SW[0]      ; HEX1[2]     ; 3.229 ; 3.229 ; 3.229 ; 3.229 ;
; SW[0]      ; HEX1[3]     ;       ; 3.228 ; 3.228 ;       ;
; SW[0]      ; LEDR[0]     ; 3.061 ;       ;       ; 3.061 ;
; SW[1]      ; HEX1[1]     ; 3.372 ; 3.372 ; 3.372 ; 3.372 ;
; SW[1]      ; HEX1[2]     ; 3.118 ; 3.118 ; 3.118 ; 3.118 ;
; SW[1]      ; HEX1[3]     ;       ; 3.118 ; 3.118 ;       ;
; SW[1]      ; HEX1[6]     ; 3.344 ;       ;       ; 3.344 ;
; SW[1]      ; LEDR[1]     ; 3.091 ;       ;       ; 3.091 ;
; SW[2]      ; HEX1[0]     ; 3.319 ;       ;       ; 3.319 ;
; SW[2]      ; HEX1[1]     ; 3.345 ;       ;       ; 3.345 ;
; SW[2]      ; HEX1[2]     ; 3.091 ;       ;       ; 3.091 ;
; SW[2]      ; HEX1[3]     ; 3.093 ;       ;       ; 3.093 ;
; SW[2]      ; HEX1[4]     ; 2.850 ;       ;       ; 2.850 ;
; SW[2]      ; HEX1[5]     ; 2.718 ;       ;       ; 2.718 ;
; SW[2]      ; HEX1[6]     ; 3.189 ;       ;       ; 3.189 ;
; SW[2]      ; LEDR[2]     ; 2.858 ;       ;       ; 2.858 ;
+------------+-------------+-------+-------+-------+-------+


+-------------------------------------------------------------------+
; Setup Transfers                                                   ;
+------------+----------+----------+----------+----------+----------+
; From Clock ; To Clock ; RR Paths ; FR Paths ; RF Paths ; FF Paths ;
+------------+----------+----------+----------+----------+----------+
; Clock      ; Clock    ; 0        ; 0        ; 0        ; 22       ;
+------------+----------+----------+----------+----------+----------+
Entries labeled "false path" only account for clock-to-clock false paths and not path-based false paths. As a result, actual path counts may be lower than reported.


+-------------------------------------------------------------------+
; Hold Transfers                                                    ;
+------------+----------+----------+----------+----------+----------+
; From Clock ; To Clock ; RR Paths ; FR Paths ; RF Paths ; FF Paths ;
+------------+----------+----------+----------+----------+----------+
; Clock      ; Clock    ; 0        ; 0        ; 0        ; 22       ;
+------------+----------+----------+----------+----------+----------+
Entries labeled "false path" only account for clock-to-clock false paths and not path-based false paths. As a result, actual path counts may be lower than reported.


---------------
; Report TCCS ;
---------------
No dedicated SERDES Transmitter circuitry present in device or used in design


---------------
; Report RSKM ;
---------------
No dedicated SERDES Receiver circuitry present in device or used in design


+------------------------------------------------+
; Unconstrained Paths                            ;
+---------------------------------+-------+------+
; Property                        ; Setup ; Hold ;
+---------------------------------+-------+------+
; Illegal Clocks                  ; 0     ; 0    ;
; Unconstrained Clocks            ; 0     ; 0    ;
; Unconstrained Input Ports       ; 4     ; 4    ;
; Unconstrained Input Port Paths  ; 28    ; 28   ;
; Unconstrained Output Ports      ; 20    ; 20   ;
; Unconstrained Output Port Paths ; 55    ; 55   ;
+---------------------------------+-------+------+


+------------------------------------+
; TimeQuest Timing Analyzer Messages ;
+------------------------------------+
Info: *******************************************************************
Info: Running Quartus II 32-bit TimeQuest Timing Analyzer
    Info: Version 13.0.1 Build 232 06/12/2013 Service Pack 1 SJ Web Edition
    Info: Processing started: Tue May 13 15:05:06 2014
Info: Command: quartus_sta MT1 -c MT1
Info: qsta_default_script.tcl version: #1
Info (21077): Low junction temperature is 0 degrees C
Info (21077): High junction temperature is 85 degrees C
Info (332104): Reading SDC File: 'MT1.sdc'
Info: Found TIMEQUEST_REPORT_SCRIPT_INCLUDE_DEFAULT_ANALYSIS = ON
Info: Analyzing Slow Model
Info (332146): Worst-case setup slack is 8.094
    Info (332119):     Slack End Point TNS Clock 
    Info (332119): ========= ============= =====================
    Info (332119):     8.094         0.000 Clock 
Info (332146): Worst-case hold slack is 0.391
    Info (332119):     Slack End Point TNS Clock 
    Info (332119): ========= ============= =====================
    Info (332119):     0.391         0.000 Clock 
Info (332140): No Recovery paths to report
Info (332140): No Removal paths to report
Info (332146): Worst-case minimum pulse width slack is 4.000
    Info (332119):     Slack End Point TNS Clock 
    Info (332119): ========= ============= =====================
    Info (332119):     4.000         0.000 Clock 
Info (332001): The selected device family is not supported by the report_metastability command.
Info: Analyzing Fast Model
Info (332146): Worst-case setup slack is 9.109
    Info (332119):     Slack End Point TNS Clock 
    Info (332119): ========= ============= =====================
    Info (332119):     9.109         0.000 Clock 
Info (332146): Worst-case hold slack is 0.215
    Info (332119):     Slack End Point TNS Clock 
    Info (332119): ========= ============= =====================
    Info (332119):     0.215         0.000 Clock 
Info (332140): No Recovery paths to report
Info (332140): No Removal paths to report
Info (332146): Worst-case minimum pulse width slack is 4.000
    Info (332119):     Slack End Point TNS Clock 
    Info (332119): ========= ============= =====================
    Info (332119):     4.000         0.000 Clock 
Info (332001): The selected device family is not supported by the report_metastability command.
Info (332102): Design is not fully constrained for setup requirements
Info (332102): Design is not fully constrained for hold requirements
Info: Quartus II 32-bit TimeQuest Timing Analyzer was successful. 0 errors, 0 warnings
    Info: Peak virtual memory: 296 megabytes
    Info: Processing ended: Tue May 13 15:05:07 2014
    Info: Elapsed time: 00:00:01
    Info: Total CPU time (on all processors): 00:00:01


